{
  "type": "conda",
  "namespace": null,
  "name": "abeona",
  "version": "0.45.0",
  "qualifiers": null,
  "subpath": null,
  "primary_language": null,
  "description": "A simple transcriptome assembler based on kallisto and Cortex graphs.",
  "release_date": null,
  "parties": [],
  "keywords": [],
  "homepage_url": "https://github.com/winni2k/abeona",
  "download_url": "https://pypi.io/packages/source/a/abeona/abeona-0.45.0.tar.gz",
  "size": null,
  "sha1": null,
  "md5": null,
  "sha256": "bc7512f2eef785b037d836f4cc6faded457ac277f75c6e34eccd12da7c85258f",
  "sha512": null,
  "bug_tracking_url": null,
  "code_view_url": null,
  "vcs_url": "https://github.com/winni2k/abeona",
  "copyright": null,
  "license_expression": null,
  "declared_license": null,
  "notice_text": null,
  "manifest_path": null,
  "dependencies": [],
  "contains_source_code": null,
  "source_packages": [],
  "purl": "pkg:conda/abeona@0.45.0",
  "repository_homepage_url": null,
  "repository_download_url": null,
  "api_data_url": null
}